// Jest Snapshot v1, https://goo.gl/fbAQLP

exports[`EncounterPage renders correctly 1`] = `
Array [
  .c2 {
  font-size: 80%;
  border-style: none;
  width: -webkit-fit-content;
  width: -moz-fit-content;
  width: fit-content;
  height: -webkit-fit-content;
  height: -moz-fit-content;
  height: fit-content;
  text-align: center;
  background: green;
}

.c4 {
  font-size: 80%;
  border-style: none;
  width: -webkit-fit-content;
  width: -moz-fit-content;
  width: fit-content;
  height: -webkit-fit-content;
  height: -moz-fit-content;
  height: fit-content;
  text-align: center;
  background: red;
}

.c1 {
  display: -webkit-box;
  display: -webkit-flex;
  display: -ms-flexbox;
  display: flex;
  -webkit-align-items: center;
  -webkit-box-align: center;
  -ms-flex-align: center;
  align-items: center;
  -webkit-box-pack: center;
  -webkit-justify-content: center;
  -ms-flex-pack: center;
  justify-content: center;
}

.c3 {
  width: 50px;
  position: relative;
}

.c0 {
  margin: 20px;
  padding: 20px;
  display: grid;
  grid-gap: 20px;
  -webkit-box-pack: justify;
  -webkit-justify-content: space-between;
  -ms-flex-pack: justify;
  justify-content: space-between;
  grid-template-columns: 1fr 1fr 1fr;
  background: hsla(208,40%,28%,1);
  background: linear-gradient( 180deg,hsla(208,40%,28%,1) 0%,hsla(208,40%,23%,1) 51%,hsla(207,38%,18%,1) 100% ) fixed no-repeat;
  color: white;
  border-radius: 5px;
  box-shadow: 4px 4px 6px rgba(8,15,21,0.3);
}

.c0 h2 {
  grid-column: span 3;
  margin: 0;
}

.c0 p {
  margin: 0;
}

<div
    className="c0"
  >
    <h2>
      Enemy 1
    </h2>
    <p>
      HP: 
      0
      /
      50
    </p>
    <div
      className="c1"
    >
      <button
        className="c2"
        onClick={[Function]}
        operator="+"
        type="button"
      >
        +
      </button>
      <input
        className="c3"
        min={0}
        name="HPInput"
        onChange={[Function]}
        type="tel"
        value=""
      />
      <button
        className="c4"
        onClick={[Function]}
        operator="-"
        type="button"
      >
        -
      </button>
    </div>
    <p>
      AC: 
      17
    </p>
  </div>,
  .c0 {
  margin: 20px;
  padding: 20px;
  display: grid;
  grid-template-columns: 1fr 1fr;
  background: linear-gradient( 180deg,hsla(208,40%,28%,1) 0%,hsla(208,40%,23%,1) 51%,hsla(207,38%,18%,1) 100% ) fixed no-repeat;
  color: white;
  border-radius: 5px;
  box-shadow: 4px 4px 6px rgba(8,15,21,0.3);
}

.c0 h2,
.c0 p {
  -webkit-align-self: center;
  -ms-flex-item-align: center;
  align-self: center;
  margin: 0;
}

<div
    className="c0"
  >
    <h2>
      Player 1
    </h2>
    <p>
      AC: 
      16
    </p>
  </div>,
  .c2 {
  font-size: 80%;
  border-style: none;
  width: -webkit-fit-content;
  width: -moz-fit-content;
  width: fit-content;
  height: -webkit-fit-content;
  height: -moz-fit-content;
  height: fit-content;
  text-align: center;
  background: green;
}

.c4 {
  font-size: 80%;
  border-style: none;
  width: -webkit-fit-content;
  width: -moz-fit-content;
  width: fit-content;
  height: -webkit-fit-content;
  height: -moz-fit-content;
  height: fit-content;
  text-align: center;
  background: red;
}

.c1 {
  display: -webkit-box;
  display: -webkit-flex;
  display: -ms-flexbox;
  display: flex;
  -webkit-align-items: center;
  -webkit-box-align: center;
  -ms-flex-align: center;
  align-items: center;
  -webkit-box-pack: center;
  -webkit-justify-content: center;
  -ms-flex-pack: center;
  justify-content: center;
}

.c3 {
  width: 50px;
  position: relative;
}

.c0 {
  margin: 20px;
  padding: 20px;
  display: grid;
  grid-gap: 20px;
  -webkit-box-pack: justify;
  -webkit-justify-content: space-between;
  -ms-flex-pack: justify;
  justify-content: space-between;
  grid-template-columns: 1fr 1fr 1fr;
  background: hsla(208,40%,28%,1);
  background: linear-gradient( 180deg,hsla(208,40%,28%,1) 0%,hsla(208,40%,23%,1) 51%,hsla(207,38%,18%,1) 100% ) fixed no-repeat;
  color: white;
  border-radius: 5px;
  box-shadow: 4px 4px 6px rgba(8,15,21,0.3);
}

.c0 h2 {
  grid-column: span 3;
  margin: 0;
}

.c0 p {
  margin: 0;
}

<div
    className="c0"
  >
    <h2>
      Enemy 2
    </h2>
    <p>
      HP: 
      0
      /
      30
    </p>
    <div
      className="c1"
    >
      <button
        className="c2"
        onClick={[Function]}
        operator="+"
        type="button"
      >
        +
      </button>
      <input
        className="c3"
        min={0}
        name="HPInput"
        onChange={[Function]}
        type="tel"
        value=""
      />
      <button
        className="c4"
        onClick={[Function]}
        operator="-"
        type="button"
      >
        -
      </button>
    </div>
    <p>
      AC: 
      17
    </p>
  </div>,
]
`;
