// Jest Snapshot v1, https://goo.gl/fbAQLP

exports[`EnemyEntry renders correctly 1`] = `
.c2 {
  font-size: 100%;
  border-style: none;
  width: -webkit-fit-content;
  width: -moz-fit-content;
  width: fit-content;
  height: -webkit-fit-content;
  height: -moz-fit-content;
  height: fit-content;
  text-align: center;
}

.c1 {
  width: 50px;
}

.c0 {
  margin: 20px;
  padding: 20px;
  display: grid;
  grid-template-columns: 1fr 1fr;
  background: hsla(208,40%,28%,1);
  background: linear-gradient( 180deg,hsla(208,40%,28%,1) 0%,hsla(208,40%,23%,1) 51%,hsla(207,38%,18%,1) 100% ) fixed no-repeat;
  color: white;
  border-radius: 5px;
  box-shadow: 4px 4px 6px rgba(8,15,21,0.3);
}

.c0 h2 {
  grid-column: span 2;
  margin: 0;
}

.c0 p {
  margin: 20px 0 0;
}

<div
  className="c0"
>
  <h2>
    Enemy 1
  </h2>
  <p>
    HP: 
    /
    50
  </p>
  <input
    className="c1"
    name="HPInput"
    type="number"
  />
  <button
    className="c2"
    onClick={[Function]}
    type="button"
  >
    +
  </button>
  <button
    className="c2"
    onClick={[Function]}
    type="button"
  >
    -
  </button>
  <p>
    AC: 
    17
  </p>
</div>
`;
